
> open-pro-next@0.1.0 build
> next build

   ▲ Next.js 15.1.6

   Creating an optimized production build ...

[2m[218.19ms][22m [@tailwindcss/postcss] app/css/style.css
[2m[  0.03ms][22m  [2m ↳ [22mQuick bail check
[2m[103.81ms][22m  [2m ↳ [22mSetup compiler
[2m[  0.33ms][22m    [2m ↳ [22mPostCSS AST -> Tailwind CSS AST
[2m[103.47ms][22m    [2m ↳ [22mCreate compiler
[2m[  0.08ms][22m  [2m ↳ [22mRegister full rebuild paths
[2m[  1.57ms][22m  [2m ↳ [22mSetup scanner
[2m[ 10.95ms][22m  [2m ↳ [22mScan for candidates
[2m[  7.63ms][22m  [2m ↳ [22mRegister dependency messages
[2m[ 37.94ms][22m  [2m ↳ [22mBuild utilities
[2m[ 47.93ms][22m  [2m ↳ [22mOptimization
[2m[  0.91ms][22m    [2m ↳ [22mAST -> CSS
[2m[ 29.02ms][22m    [2m ↳ [22mLightning CSS
[2m[ 17.98ms][22m    [2m ↳ [22mCSS -> PostCSS AST
[2m[  7.99ms][22m  [2m ↳ [22mUpdate PostCSS AST


[2m[0.08ms][22m [@tailwindcss/postcss] node_modules/@xyflow/react/dist/style.css
[2m[0.07ms][22m  [2m ↳ [22mQuick bail check


[2m[0.02ms][22m [@tailwindcss/postcss] app/css/scroll-animations.css
[2m[0.02ms][22m  [2m ↳ [22mQuick bail check


[2m[0.05ms][22m [@tailwindcss/postcss] node_modules/aos/dist/aos.css
[2m[0.05ms][22m  [2m ↳ [22mQuick bail check

 ✓ Compiled successfully
   Linting and checking validity of types ...
   Collecting page data ...
   Generating static pages (0/40) ...
   Generating static pages (10/40) 
   Generating static pages (20/40) 
   Generating static pages (30/40) 
 ✓ Generating static pages (40/40)
   Finalizing page optimization ...
   Collecting build traces ...

Route (app)                              Size     First Load JS
┌ ○ /                                    1.71 kB         184 kB
├ ○ /_not-found                          994 B           108 kB
├ ○ /animations-test                     2.68 kB         126 kB
├ ƒ /api/hello                           148 B           107 kB
├ ○ /community                           439 B           107 kB
├ ○ /component-test                      8.55 kB         132 kB
├ ○ /docs                                442 B           107 kB
├ ○ /enterprise                          476 B           107 kB
├ ○ /for-developers                      5.83 kB         171 kB
├ ○ /for-ecommerce                       3.88 kB         169 kB
├ ○ /for-startups                        6.97 kB         134 kB
├ ○ /graphics-library                    6.06 kB         164 kB
├ ○ /gumloop-animated                    2.28 kB         109 kB
├ ○ /gumloop-components                  11.4 kB         156 kB
├ ○ /gumloop-extracts                    148 B           107 kB
├ ○ /gumloop-graphics                    3.77 kB         157 kB
├ ○ /gumloop-inspired                    5.99 kB         164 kB
├ ○ /gumloop-inspired2                   3.1 kB          110 kB
├ ○ /gumloop-inspired3                   2.93 kB         109 kB
├ ○ /icon.png                            0 B                0 B
├ ○ /icon.svg                            0 B                0 B
├ ○ /landing-v2                          9.51 kB         196 kB
├ ○ /landing-v3                          1.71 kB         184 kB
├ ○ /landing-v4                          3.05 kB         180 kB
├ ○ /landing-v5                          1.85 kB         192 kB
├ ○ /landing-v6                          3.99 kB         183 kB
├ ○ /landing-v7                          1.84 kB         192 kB
├ ○ /magicui-demo                        26 kB           191 kB
├ ○ /pricing                             3.54 kB         123 kB
├ ○ /reactflow                           4.72 kB         165 kB
├ ○ /reset-password                      148 B           107 kB
├ ○ /signin                              485 B           111 kB
├ ○ /signup                              485 B           111 kB
├ ○ /tools-demo                          13.6 kB         167 kB
├ ○ /workflow-builder                    4.08 kB         169 kB
├ ○ /workflow-demo                       3.83 kB         169 kB
└ ○ /workflow-demo-v2                    3.74 kB         169 kB
+ First Load JS shared by all            107 kB
  ├ chunks/1517-0519729922747166.js      50.7 kB
  ├ chunks/4bd1b696-63d9b954e7883c03.js  53 kB
  └ other shared chunks (total)          2.85 kB


○  (Static)   prerendered as static content
ƒ  (Dynamic)  server-rendered on demand

